[2026-07-11 02:00:00.002 +00:00] [INF] [263] Emby.Server.Implementations.ScheduledTasks.TaskManager: "Extract Chapter Images" Completed after 0 minute(s) and 0 seconds
[2026-07-11 02:00:00.998 +00:00] [INF] [274] Emby.Server.Implementations.ScheduledTasks.TaskManager: Daily trigger for "Extract Chapter Images" set to fire at 2026-07-12 02:00:00.000 +00:00, which is 23:59:59.0012324 from now.
[2026-07-11 02:43:05.379 +00:00] [INF] [202] Emby.Server.Implementations.ScheduledTasks.Tasks.OptimizeDatabaseTask: Optimizing and vacuuming jellyfin.db...
[2026-07-11 02:43:05.411 +00:00] [INF] [202] Jellyfin.Database.Providers.Sqlite.SqliteDatabaseProvider: jellyfin.db optimized successfully!
[2026-07-11 02:43:05.411 +00:00] [INF] [202] Emby.Server.Implementations.ScheduledTasks.TaskManager: "Optimize database" Completed after 0 minute(s) and 0 seconds
[2026-07-11 03:00:00.002 +00:00] [INF] [295] Emby.Server.Implementations.ScheduledTasks.TaskManager: "Generate Trickplay Images" Completed after 0 minute(s) and 0 seconds
[2026-07-11 03:00:01.002 +00:00] [INF] [294] Emby.Server.Implementations.ScheduledTasks.TaskManager: Daily trigger for "Generate Trickplay Images" set to fire at 2026-07-12 03:00:00.000 +00:00, which is 23:59:58.9977722 from now.
[2026-07-11 08:15:39.391 +00:00] [INF] [296] Emby.Server.Implementations.Library.LibraryManager: Deleting item path, Type: "Person", Name: "Alien Ant Farm", Path: "/config/metadata/People/A/Alien Ant Farm", Id: a75138c1-0e09-0771-3217-a066aa7b64a5
[2026-07-11 08:15:39.398 +00:00] [INF] [296] Emby.Server.Implementations.Library.LibraryManager: Deleting item path, Type: "Person", Name: "Andrews Sisters", Path: "/config/metadata/People/A/Andrews Sisters", Id: 6729fa24-b8ef-3e0f-7767-5b665acbc114
[2026-07-11 08:15:39.398 +00:00] [INF] [296] Emby.Server.Implementations.Library.LibraryManager: Deleting item path, Type: "Person", Name: "Anna Nalick", Path: "/config/metadata/People/A/Anna Nalick", Id: 08c50f05-a041-65a5-b9b2-9798fc075116
[2026-07-11 08:15:39.398 +00:00] [INF] [296] Emby.Server.Implementations.Library.LibraryManager: Deleting item path, Type: "Person", Name: "Aperture Science Psychoacoustic Laboratories", Path: "/config/metadata/People/A/Aperture Science Psychoacoustic Laboratories", Id: 72de85f3-d3d7-cfac-a38e-6eeff7497e2d
[2026-07-11 08:15:39.398 +00:00] [INF] [296] Emby.Server.Implementations.Library.LibraryManager: Deleting item path, Type: "Person", Name: "Aperture Science Psychoacoustics Laboratory", Path: "/config/metadata/People/A/Aperture Science Psychoacoustics Laboratory", Id: 4b6e2f93-8f8e-9d0f-8450-7128bee9ac7b
[2026-07-11 08:15:39.398 +00:00] [INF] [296] Emby.Server.Implementations.Library.LibraryManager: Deleting item path, Type: "Person", Name: "BABYMETAL", Path: "/config/metadata/People/B/BABYMETAL", Id: a1b96271-cf62-f1ff-3bb6-d0cf216da5fc
[2026-07-11 08:15:39.398 +00:00] [INF] [296] Emby.Server.Implementations.Library.LibraryManager: Deleting item path, Type: "Person", Name: "Carl Douglas", Path: "/config/metadata/People/C/Carl Douglas", Id: eb8d8981-7cd4-c7d0-3acb-95c49aa56ca1
[2026-07-11 08:15:39.398 +00:00] [INF] [296] Emby.Server.Implementations.Library.LibraryManager: Deleting item path, Type: "Person", Name: "Carrie Underwood", Path: "/config/metadata/People/C/Carrie Underwood", Id: b3cf6a8d-7cc2-7226-ae5d-8e217b433a96
[2026-07-11 08:15:39.398 +00:00] [INF] [296] Emby.Server.Implementations.Library.LibraryManager: Deleting item path, Type: "Person", Name: "Carrie Underwood duet with Brad Paisley", Path: "/config/metadata/People/C/Carrie Underwood duet with Brad Paisley", Id: dc39ca84-f43e-e958-60a7-17ff7c61cd95
[2026-07-11 08:15:39.398 +00:00] [INF] [296] Emby.Server.Implementations.Library.LibraryManager: Deleting item path, Type: "Person", Name: "Carrie Underwood feat. Randy Travis", Path: "/config/metadata/People/C/Carrie Underwood feat. Randy Travis", Id: 2b11aeb8-f359-f3b9-a4c0-b6c60bd3d7d8
[2026-07-11 08:15:39.398 +00:00] [INF] [296] Emby.Server.Implementations.Library.LibraryManager: Deleting item path, Type: "Person", Name: "Carrie Underwood feat. Sons of Sylvia", Path: "/config/metadata/People/C/Carrie Underwood feat. Sons of Sylvia", Id: 789aec1f-a7a8-bf11-8cfd-3c04964fc69a
[2026-07-11 08:15:39.398 +00:00] [INF] [296] Emby.Server.Implementations.Library.LibraryManager: Deleting item path, Type: "Person", Name: "Carrie Underwood with Vince Gill", Path: "/config/metadata/People/C/Carrie Underwood with Vince Gill", Id: 23efe409-1295-bf08-6435-cd4820720d58
[2026-07-11 08:15:39.398 +00:00] [INF] [296] Emby.Server.Implementations.Library.LibraryManager: Deleting item path, Type: "Person", Name: "Concrete Blonde", Path: "/config/metadata/People/C/Concrete Blonde", Id: 2197687b-07c0-3374-74f0-e25c086081f7
[2026-07-11 08:15:39.398 +00:00] [INF] [296] Emby.Server.Implementations.Library.LibraryManager: Deleting item path, Type: "Person", Name: "Daniel Finney & Alexei Zakharov", Path: "/config/metadata/People/D/Daniel Finney & Alexei Zakharov", Id: 1717fbae-32e0-73bc-1e1f-5f6ed2272793
[2026-07-11 08:15:39.398 +00:00] [INF] [296] Emby.Server.Implementations.Library.LibraryManager: Deleting item path, Type: "Person", Name: "Ellie", Path: "/config/metadata/People/E/Ellie", Id: 6ea2ac0f-d27a-dbd7-9b0e-78daa5dd41c7
[2026-07-11 08:15:39.398 +00:00] [INF] [296] Emby.Server.Implementations.Library.LibraryManager: Deleting item path, Type: "Person", Name: "Five Finger Death Punch", Path: "/config/metadata/People/F/Five Finger Death Punch", Id: 99c5308f-5575-befe-745e-0d13ad98e205
[2026-07-11 08:15:39.398 +00:00] [INF] [296] Emby.Server.Implementations.Library.LibraryManager: Deleting item path, Type: "Person", Name: "Gnarls Barkley", Path: "/config/metadata/People/G/Gnarls Barkley", Id: 0a283774-3083-68cd-69a1-c21ea2d58c82
[2026-07-11 08:15:39.398 +00:00] [INF] [296] Emby.Server.Implementations.Library.LibraryManager: Deleting item path, Type: "Person", Name: "Grzegorz Mazur", Path: "/config/metadata/People/G/Grzegorz Mazur", Id: bb0d1971-2d80-c870-1926-c8c9ab42ba20
[2026-07-11 08:15:39.398 +00:00] [INF] [296] Emby.Server.Implementations.Library.LibraryManager: Deleting item path, Type: "Person", Name: "Hole", Path: "/config/metadata/People/H/Hole", Id: 6e5ebe15-9b94-6f8c-81aa-eb31cd1e8bd0
[2026-07-11 08:15:39.398 +00:00] [INF] [296] Emby.Server.Implementations.Library.LibraryManager: Deleting item path, Type: "Person", Name: "Information Society", Path: "/config/metadata/People/I/Information Society", Id: 7e455a57-11fc-8967-2c3f-411975da2569
[2026-07-11 08:15:39.398 +00:00] [INF] [296] Emby.Server.Implementations.Library.LibraryManager: Deleting item path, Type: "Person", Name: "Johnny Cash", Path: "/config/metadata/People/J/Johnny Cash", Id: 1d357a9b-b1b4-61ed-c92b-06283fe10c6c
[2026-07-11 08:15:39.398 +00:00] [INF] [296] Emby.Server.Implementations.Library.LibraryManager: Deleting item path, Type: "Person", Name: "Johnny Cash & June Carter Cash", Path: "/config/metadata/People/J/Johnny Cash & June Carter Cash", Id: fca86f28-6efe-608e-0f9e-0443b42deccd
[2026-07-11 08:15:39.398 +00:00] [INF] [296] Emby.Server.Implementations.Library.LibraryManager: Deleting item path, Type: "Person", Name: "Kelly Bailey", Path: "/config/metadata/People/K/Kelly Bailey", Id: 1612bafd-a23c-ffc6-5da1-8f60950ec131
[2026-07-11 08:15:39.398 +00:00] [INF] [296] Emby.Server.Implementations.Library.LibraryManager: Deleting item path, Type: "Person", Name: "Lady Gaga", Path: "/config/metadata/People/L/Lady Gaga", Id: 2eebc044-84cc-ed11-eee0-7498ac9a9781
[2026-07-11 08:15:39.398 +00:00] [INF] [296] Emby.Server.Implementations.Library.LibraryManager: Deleting item path, Type: "Person", Name: "Led Zeppelin", Path: "/config/metadata/People/L/Led Zeppelin", Id: fd834ff7-e59f-eded-e7e4-4725bb948832
[2026-07-11 08:15:39.398 +00:00] [INF] [296] Emby.Server.Implementations.Library.LibraryManager: Deleting item path, Type: "Person", Name: "Mel Tormé", Path: "/config/metadata/People/M/Mel Tormé", Id: fbadf39f-bd13-621f-43ba-0661f755adca
[2026-07-11 08:15:39.398 +00:00] [INF] [296] Emby.Server.Implementations.Library.LibraryManager: Deleting item path, Type: "Person", Name: "Natalie Imbruglia", Path: "/config/metadata/People/N/Natalie Imbruglia", Id: 0083ecc5-30bf-cccf-2264-2a902c952e70
[2026-07-11 08:15:39.398 +00:00] [INF] [296] Emby.Server.Implementations.Library.LibraryManager: Deleting item path, Type: "Person", Name: "Natasha Bedingfield", Path: "/config/metadata/People/N/Natasha Bedingfield", Id: ec76eb49-3e2e-71c3-9add-d95a69e18e0d
[2026-07-11 08:15:39.399 +00:00] [INF] [296] Emby.Server.Implementations.Library.LibraryManager: Deleting item path, Type: "Person", Name: "Pat Benatar", Path: "/config/metadata/People/P/Pat Benatar", Id: 450bec0b-0d40-2c0a-4b11-870ad0ee9240
[2026-07-11 08:15:39.399 +00:00] [INF] [296] Emby.Server.Implementations.Library.LibraryManager: Deleting item path, Type: "Person", Name: "Piotr Musiał", Path: "/config/metadata/People/P/Piotr Musiał", Id: 14cecb76-5d0e-40df-511a-3640230947ea
[2026-07-11 08:15:39.399 +00:00] [INF] [296] Emby.Server.Implementations.Library.LibraryManager: Deleting item path, Type: "Person", Name: "Piotr Musiał & Grzegorz Mazur", Path: "/config/metadata/People/P/Piotr Musiał & Grzegorz Mazur", Id: 55076577-ab53-29ed-0a38-24ce37e9b6e5
[2026-07-11 08:15:39.399 +00:00] [INF] [296] Emby.Server.Implementations.Library.LibraryManager: Deleting item path, Type: "Person", Name: "Poe", Path: "/config/metadata/People/P/Poe", Id: 0568d9a6-ed17-ab63-726d-306a79f94bc3
[2026-07-11 08:15:39.399 +00:00] [INF] [296] Emby.Server.Implementations.Library.LibraryManager: Deleting item path, Type: "Person", Name: "Richard Cheese", Path: "/config/metadata/People/R/Richard Cheese", Id: 8e283d8e-f1ca-9d23-51e2-b76dea518c60
[2026-07-11 08:15:39.399 +00:00] [INF] [296] Emby.Server.Implementations.Library.LibraryManager: Deleting item path, Type: "Person", Name: "Richard Cheese and Lounge Against the Machine", Path: "/config/metadata/People/R/Richard Cheese and Lounge Against the Machine", Id: dcb78184-f1d7-2389-854d-04e96dc02fbc
[2026-07-11 08:15:39.399 +00:00] [INF] [296] Emby.Server.Implementations.Library.LibraryManager: Deleting item path, Type: "Person", Name: "Roxette", Path: "/config/metadata/People/R/Roxette", Id: 26a023f0-581a-0dfe-f4c3-0dd88f3fe477
[2026-07-11 08:15:39.399 +00:00] [INF] [296] Emby.Server.Implementations.Library.LibraryManager: Deleting item path, Type: "Person", Name: "Saliva", Path: "/config/metadata/People/S/Saliva", Id: 9ce9f6f3-d207-acbd-5a65-059187c55d4d
[2026-07-11 08:15:39.399 +00:00] [INF] [296] Emby.Server.Implementations.Library.LibraryManager: Deleting item path, Type: "Person", Name: "Saving Jane", Path: "/config/metadata/People/S/Saving Jane", Id: 1f3fa7b9-9e8d-7ce9-bb89-758868f198c9
[2026-07-11 08:15:39.399 +00:00] [INF] [296] Emby.Server.Implementations.Library.LibraryManager: Deleting item path, Type: "Person", Name: "Semisonic", Path: "/config/metadata/People/S/Semisonic", Id: 6ed6a0a0-7b1f-59de-adfa-35a04ce68fa5
[2026-07-11 08:15:39.399 +00:00] [INF] [296] Emby.Server.Implementations.Library.LibraryManager: Deleting item path, Type: "Person", Name: "Shinedown", Path: "/config/metadata/People/S/Shinedown", Id: 39ecccd0-8fee-7ffe-fc31-ff3e0aae7a81
[2026-07-11 08:15:39.399 +00:00] [INF] [296] Emby.Server.Implementations.Library.LibraryManager: Deleting item path, Type: "Person", Name: "Sixpence None the Richer", Path: "/config/metadata/People/S/Sixpence None the Richer", Id: fe9620ec-fbd0-aeec-21e2-748c2f57a570
[2026-07-11 08:15:39.399 +00:00] [INF] [296] Emby.Server.Implementations.Library.LibraryManager: Deleting item path, Type: "Person", Name: "Stone Sour", Path: "/config/metadata/People/S/Stone Sour", Id: 9ffa57c9-7ab2-5ebc-675e-6847ab4ff715
[2026-07-11 08:15:39.399 +00:00] [INF] [296] Emby.Server.Implementations.Library.LibraryManager: Deleting item path, Type: "Person", Name: "Taylor Swift", Path: "/config/metadata/People/T/Taylor Swift", Id: 6987b81d-2e63-24f7-b5fa-0f08ada23333
[2026-07-11 08:15:39.399 +00:00] [INF] [296] Emby.Server.Implementations.Library.LibraryManager: Deleting item path, Type: "Person", Name: "Taylor Swift feat. Brendon Urie of Panic! at the Disco", Path: "/config/metadata/People/T/Taylor Swift feat. Brendon Urie of Panic! at the Disco", Id: 8e9b7ba4-90c3-1b3c-12b6-fdd73d77c58b
[2026-07-11 08:15:39.399 +00:00] [INF] [296] Emby.Server.Implementations.Library.LibraryManager: Deleting item path, Type: "Person", Name: "Taylor Swift feat. Colbie Caillat", Path: "/config/metadata/People/T/Taylor Swift feat. Colbie Caillat", Id: 7e356e3f-183e-9685-641e-cf604d2b5cd2
[2026-07-11 08:15:39.399 +00:00] [INF] [296] Emby.Server.Implementations.Library.LibraryManager: Deleting item path, Type: "Person", Name: "Taylor Swift feat. Dixie Chicks", Path: "/config/metadata/People/T/Taylor Swift feat. Dixie Chicks", Id: f51e40d6-b63e-48b0-c988-0a187c074e28
[2026-07-11 08:15:39.399 +00:00] [INF] [296] Emby.Server.Implementations.Library.LibraryManager: Deleting item path, Type: "Person", Name: "Taylor Swift feat. Ed Sheeran", Path: "/config/metadata/People/T/Taylor Swift feat. Ed Sheeran", Id: af23a6b3-0cba-3f81-6336-4d3d1bacc2ca
[2026-07-11 08:15:39.399 +00:00] [INF] [296] Emby.Server.Implementations.Library.LibraryManager: Deleting item path, Type: "Person", Name: "Taylor Swift feat. Ed Sheeran & Future", Path: "/config/metadata/People/T/Taylor Swift feat. Ed Sheeran & Future", Id: 4ef60115-4693-aaad-e6eb-b9d7f0d07f0a
[2026-07-11 08:15:39.399 +00:00] [INF] [296] Emby.Server.Implementations.Library.LibraryManager: Deleting item path, Type: "Person", Name: "Taylor Swift feat. Gary Lightbody of Snow Patrol", Path: "/config/metadata/People/T/Taylor Swift feat. Gary Lightbody of Snow Patrol", Id: 6f99124a-7826-1b5d-e40e-4af080ad35f2
[2026-07-11 08:15:39.399 +00:00] [INF] [296] Emby.Server.Implementations.Library.LibraryManager: Deleting item path, Type: "Person", Name: "The Five Stars", Path: "/config/metadata/People/T/The Five Stars", Id: f677e5fa-f09a-9909-3470-4f4887633dc9
[2026-07-11 08:15:39.399 +00:00] [INF] [296] Emby.Server.Implementations.Library.LibraryManager: Deleting item path, Type: "Person", Name: "The Highwaymen", Path: "/config/metadata/People/T/The Highwaymen", Id: f046e841-f76b-9f96-d6b3-29b9e9de10a2
[2026-07-11 08:15:39.399 +00:00] [INF] [296] Emby.Server.Implementations.Library.LibraryManager: Deleting item path, Type: "Person", Name: "Tool", Path: "/config/metadata/People/T/Tool", Id: 583537cc-c4e8-ed77-04a8-0138d7152cb6
[2026-07-11 08:15:39.399 +00:00] [INF] [296] Emby.Server.Implementations.Library.LibraryManager: Deleting item path, Type: "Person", Name: "U2 & Johnny Cash", Path: "/config/metadata/People/U/U2 & Johnny Cash", Id: 3e103238-dea9-ff8f-d037-2811a78ecefd
[2026-07-11 08:15:39.399 +00:00] [INF] [296] Emby.Server.Implementations.Library.LibraryManager: Deleting item path, Type: "Person", Name: "Various Artists", Path: "/config/metadata/People/V/Various Artists", Id: 62cd0465-28f0-f76a-e8d9-ec656c7071b2
[2026-07-11 08:15:39.399 +00:00] [INF] [296] Emby.Server.Implementations.Library.LibraryManager: Deleting item path, Type: "Person", Name: "a-ha", Path: "/config/metadata/People/a/a-ha", Id: 00be4591-dffe-64e0-e5b9-7c7e906f0bc3
[2026-07-11 08:15:39.509 +00:00] [INF] [296] Emby.Server.Implementations.Library.LibraryManager: People validation complete
[2026-07-11 08:15:39.515 +00:00] [WRN] [296] Microsoft.EntityFrameworkCore.Query: The query uses a row limiting operator ('Skip'/'Take') without an 'OrderBy' operator. This may lead to unpredictable results. If the 'Distinct' operator is used after 'OrderBy', then make sure to use the 'OrderBy' operator after 'Distinct' as the ordering would otherwise get erased.
[2026-07-11 08:15:39.522 +00:00] [INF] [296] Emby.Server.Implementations.ScheduledTasks.TaskManager: "Refresh People" Completed after 0 minute(s) and 0 seconds
[2026-07-11 08:22:45.341 +00:00] [INF] [199] Emby.Server.Implementations.ScheduledTasks.TaskManager: "Download missing subtitles" Completed after 0 minute(s) and 0 seconds
[2026-07-11 08:22:45.360 +00:00] [INF] [198] Emby.Server.Implementations.ScheduledTasks.TaskManager: "Clean Log Directory" Completed after 0 minute(s) and 0 seconds
[2026-07-11 08:22:45.360 +00:00] [INF] [199] Emby.Server.Implementations.ScheduledTasks.TaskManager: "Clean Cache Directory" Completed after 0 minute(s) and 0 seconds
[2026-07-11 08:22:45.393 +00:00] [INF] [198] Emby.Server.Implementations.ScheduledTasks.TaskManager: "Clean Transcode Directory" Completed after 0 minute(s) and 0 seconds
[2026-07-11 08:22:45.416 +00:00] [INF] [198] Emby.Server.Implementations.ScheduledTasks.TaskManager: "TasksRefreshChannels" Completed after 0 minute(s) and 0 seconds
[2026-07-11 08:22:45.537 +00:00] [INF] [197] Emby.Server.Implementations.ScheduledTasks.TaskManager: "Audio Normalization" Completed after 0 minute(s) and 0 seconds
[2026-07-11 08:22:45.588 +00:00] [INF] [32] Emby.Server.Implementations.ScheduledTasks.TaskManager: "Download missing lyrics" Completed after 0 minute(s) and 0 seconds
[2026-07-11 08:22:46.183 +00:00] [INF] [112] Emby.Server.Implementations.ScheduledTasks.TaskManager: "Update Plugins" Completed after 0 minute(s) and 0 seconds
[2026-07-11 08:22:48.360 +00:00] [INF] [112] Jellyfin.LiveTv.Guide.GuideManager: Refreshing guide with 7 days of guide data
[2026-07-11 08:22:48.361 +00:00] [INF] [112] Emby.Server.Implementations.ScheduledTasks.TaskManager: "Refresh Guide" Completed after 0 minute(s) and 3 seconds
[2026-07-11 08:29:52.360 +00:00] [INF] [300] Emby.Server.Implementations.IO.LibraryMonitor: Stopping directory watching for path "/media"
[2026-07-11 08:29:52.360 +00:00] [INF] [300] Emby.Server.Implementations.Library.LibraryManager: Validating media library
[2026-07-11 08:29:52.364 +00:00] [WRN] [300] MediaBrowser.Controller.Entities.BaseItem: Library folder "/config/data/playlists" is inaccessible or empty, skipping
[2026-07-11 08:29:52.369 +00:00] [WRN] [300] MediaBrowser.Controller.Entities.BaseItem: Library folder "/config/data/playlists" is inaccessible or empty, skipping
[2026-07-11 08:29:52.440 +00:00] [INF] [93] Emby.Server.Implementations.ScheduledTasks.TaskManager: "Media Segment Scan" Completed after 0 minute(s) and 0 seconds
[2026-07-11 08:29:53.001 +00:00] [INF] [93] Emby.Server.Implementations.ScheduledTasks.TaskManager: "Scan Media Library" Completed after 0 minute(s) and 0 seconds
[2026-07-11 08:29:53.031 +00:00] [INF] [89] Emby.Server.Implementations.IO.LibraryMonitor: Watching directory "/media"
[2026-07-11 08:44:06.380 +00:00] [INF] [230] Emby.Server.Implementations.ScheduledTasks.Tasks.OptimizeDatabaseTask: Optimizing and vacuuming jellyfin.db...
[2026-07-11 08:44:06.413 +00:00] [INF] [230] Jellyfin.Database.Providers.Sqlite.SqliteDatabaseProvider: jellyfin.db optimized successfully!
[2026-07-11 08:44:06.413 +00:00] [INF] [230] Emby.Server.Implementations.ScheduledTasks.TaskManager: "Optimize database" Completed after 0 minute(s) and 0 seconds
[2026-07-11 14:45:07.378 +00:00] [INF] [280] Emby.Server.Implementations.ScheduledTasks.Tasks.OptimizeDatabaseTask: Optimizing and vacuuming jellyfin.db...
[2026-07-11 14:45:07.407 +00:00] [INF] [280] Jellyfin.Database.Providers.Sqlite.SqliteDatabaseProvider: jellyfin.db optimized successfully!
[2026-07-11 14:45:07.407 +00:00] [INF] [280] Emby.Server.Implementations.ScheduledTasks.TaskManager: "Optimize database" Completed after 0 minute(s) and 0 seconds
[2026-07-11 20:30:53.362 +00:00] [INF] [157] Emby.Server.Implementations.IO.LibraryMonitor: Stopping directory watching for path "/media"
[2026-07-11 20:30:53.362 +00:00] [INF] [157] Emby.Server.Implementations.Library.LibraryManager: Validating media library
[2026-07-11 20:30:53.364 +00:00] [WRN] [157] MediaBrowser.Controller.Entities.BaseItem: Library folder "/config/data/playlists" is inaccessible or empty, skipping
[2026-07-11 20:30:53.368 +00:00] [WRN] [150] MediaBrowser.Controller.Entities.BaseItem: Library folder "/config/data/playlists" is inaccessible or empty, skipping
[2026-07-11 20:30:53.431 +00:00] [INF] [155] Emby.Server.Implementations.ScheduledTasks.TaskManager: "Media Segment Scan" Completed after 0 minute(s) and 0 seconds
[2026-07-11 20:30:53.787 +00:00] [INF] [137] Emby.Server.Implementations.ScheduledTasks.TaskManager: "Scan Media Library" Completed after 0 minute(s) and 0 seconds
[2026-07-11 20:30:53.814 +00:00] [INF] [155] Emby.Server.Implementations.IO.LibraryMonitor: Watching directory "/media"
[2026-07-11 20:46:08.379 +00:00] [INF] [64] Emby.Server.Implementations.ScheduledTasks.Tasks.OptimizeDatabaseTask: Optimizing and vacuuming jellyfin.db...
[2026-07-11 20:46:08.409 +00:00] [INF] [64] Jellyfin.Database.Providers.Sqlite.SqliteDatabaseProvider: jellyfin.db optimized successfully!
[2026-07-11 20:46:08.410 +00:00] [INF] [64] Emby.Server.Implementations.ScheduledTasks.TaskManager: "Optimize database" Completed after 0 minute(s) and 0 seconds
