[2026-07-12 02:00:00.004 +00:00] [INF] [122] Emby.Server.Implementations.ScheduledTasks.TaskManager: "Extract Chapter Images" Completed after 0 minute(s) and 0 seconds
[2026-07-12 02:00:01.003 +00:00] [INF] [164] Emby.Server.Implementations.ScheduledTasks.TaskManager: Daily trigger for "Extract Chapter Images" set to fire at 2026-07-13 02:00:00.000 +00:00, which is 23:59:58.9965368 from now.
[2026-07-12 02:47:09.383 +00:00] [INF] [161] Emby.Server.Implementations.ScheduledTasks.Tasks.OptimizeDatabaseTask: Optimizing and vacuuming jellyfin.db...
[2026-07-12 02:47:09.415 +00:00] [INF] [161] Jellyfin.Database.Providers.Sqlite.SqliteDatabaseProvider: jellyfin.db optimized successfully!
[2026-07-12 02:47:09.415 +00:00] [INF] [161] Emby.Server.Implementations.ScheduledTasks.TaskManager: "Optimize database" Completed after 0 minute(s) and 0 seconds
[2026-07-12 03:00:00.001 +00:00] [INF] [115] Emby.Server.Implementations.ScheduledTasks.TaskManager: "Generate Trickplay Images" Completed after 0 minute(s) and 0 seconds
[2026-07-12 03:00:01.001 +00:00] [INF] [110] Emby.Server.Implementations.ScheduledTasks.TaskManager: Daily trigger for "Generate Trickplay Images" set to fire at 2026-07-13 03:00:00.000 +00:00, which is 23:59:58.9989792 from now.
[2026-07-12 08:23:46.342 +00:00] [INF] [149] Emby.Server.Implementations.ScheduledTasks.TaskManager: "Download missing subtitles" Completed after 0 minute(s) and 0 seconds
[2026-07-12 08:23:46.361 +00:00] [INF] [149] Emby.Server.Implementations.ScheduledTasks.TaskManager: "Clean Log Directory" Completed after 0 minute(s) and 0 seconds
[2026-07-12 08:23:46.381 +00:00] [INF] [38] Emby.Server.Implementations.ScheduledTasks.TaskManager: "Clean Cache Directory" Completed after 0 minute(s) and 0 seconds
[2026-07-12 08:23:46.401 +00:00] [INF] [177] Emby.Server.Implementations.ScheduledTasks.TaskManager: "Clean Transcode Directory" Completed after 0 minute(s) and 0 seconds
[2026-07-12 08:23:46.421 +00:00] [INF] [149] Emby.Server.Implementations.ScheduledTasks.TaskManager: "TasksRefreshChannels" Completed after 0 minute(s) and 0 seconds
[2026-07-12 08:23:46.546 +00:00] [INF] [118] Emby.Server.Implementations.ScheduledTasks.TaskManager: "Audio Normalization" Completed after 0 minute(s) and 0 seconds
[2026-07-12 08:23:46.613 +00:00] [INF] [35] Emby.Server.Implementations.ScheduledTasks.TaskManager: "Download missing lyrics" Completed after 0 minute(s) and 0 seconds
[2026-07-12 08:23:47.070 +00:00] [INF] [35] Emby.Server.Implementations.ScheduledTasks.TaskManager: "Update Plugins" Completed after 0 minute(s) and 0 seconds
[2026-07-12 08:23:49.381 +00:00] [INF] [118] Jellyfin.LiveTv.Guide.GuideManager: Refreshing guide with 7 days of guide data
[2026-07-12 08:23:49.382 +00:00] [INF] [118] Emby.Server.Implementations.ScheduledTasks.TaskManager: "Refresh Guide" Completed after 0 minute(s) and 3 seconds
[2026-07-12 08:31:54.364 +00:00] [INF] [23] Emby.Server.Implementations.IO.LibraryMonitor: Stopping directory watching for path "/media"
[2026-07-12 08:31:54.365 +00:00] [INF] [23] Emby.Server.Implementations.Library.LibraryManager: Validating media library
[2026-07-12 08:31:54.368 +00:00] [WRN] [23] MediaBrowser.Controller.Entities.BaseItem: Library folder "/config/data/playlists" is inaccessible or empty, skipping
[2026-07-12 08:31:54.373 +00:00] [WRN] [23] MediaBrowser.Controller.Entities.BaseItem: Library folder "/config/data/playlists" is inaccessible or empty, skipping
[2026-07-12 08:31:54.458 +00:00] [INF] [101] Emby.Server.Implementations.ScheduledTasks.TaskManager: "Media Segment Scan" Completed after 0 minute(s) and 0 seconds
[2026-07-12 08:31:54.905 +00:00] [INF] [55] Emby.Server.Implementations.ScheduledTasks.TaskManager: "Scan Media Library" Completed after 0 minute(s) and 0 seconds
[2026-07-12 08:31:54.940 +00:00] [INF] [50] Emby.Server.Implementations.IO.LibraryMonitor: Watching directory "/media"
[2026-07-12 08:48:10.385 +00:00] [INF] [294] Emby.Server.Implementations.ScheduledTasks.Tasks.OptimizeDatabaseTask: Optimizing and vacuuming jellyfin.db...
[2026-07-12 08:48:10.423 +00:00] [INF] [294] Jellyfin.Database.Providers.Sqlite.SqliteDatabaseProvider: jellyfin.db optimized successfully!
[2026-07-12 08:48:10.423 +00:00] [INF] [294] Emby.Server.Implementations.ScheduledTasks.TaskManager: "Optimize database" Completed after 0 minute(s) and 0 seconds
[2026-07-12 14:49:11.385 +00:00] [INF] [43] Emby.Server.Implementations.ScheduledTasks.Tasks.OptimizeDatabaseTask: Optimizing and vacuuming jellyfin.db...
[2026-07-12 14:49:11.416 +00:00] [INF] [43] Jellyfin.Database.Providers.Sqlite.SqliteDatabaseProvider: jellyfin.db optimized successfully!
[2026-07-12 14:49:11.416 +00:00] [INF] [43] Emby.Server.Implementations.ScheduledTasks.TaskManager: "Optimize database" Completed after 0 minute(s) and 0 seconds
[2026-07-12 20:32:55.366 +00:00] [INF] [250] Emby.Server.Implementations.IO.LibraryMonitor: Stopping directory watching for path "/media"
[2026-07-12 20:32:55.366 +00:00] [INF] [250] Emby.Server.Implementations.Library.LibraryManager: Validating media library
[2026-07-12 20:32:55.369 +00:00] [WRN] [250] MediaBrowser.Controller.Entities.BaseItem: Library folder "/config/data/playlists" is inaccessible or empty, skipping
[2026-07-12 20:32:55.373 +00:00] [WRN] [250] MediaBrowser.Controller.Entities.BaseItem: Library folder "/config/data/playlists" is inaccessible or empty, skipping
[2026-07-12 20:32:55.436 +00:00] [INF] [204] Emby.Server.Implementations.ScheduledTasks.TaskManager: "Media Segment Scan" Completed after 0 minute(s) and 0 seconds
[2026-07-12 20:32:55.795 +00:00] [INF] [237] Emby.Server.Implementations.ScheduledTasks.TaskManager: "Scan Media Library" Completed after 0 minute(s) and 0 seconds
[2026-07-12 20:32:55.821 +00:00] [INF] [257] Emby.Server.Implementations.IO.LibraryMonitor: Watching directory "/media"
[2026-07-12 20:50:12.384 +00:00] [INF] [46] Emby.Server.Implementations.ScheduledTasks.Tasks.OptimizeDatabaseTask: Optimizing and vacuuming jellyfin.db...
[2026-07-12 20:50:12.415 +00:00] [INF] [46] Jellyfin.Database.Providers.Sqlite.SqliteDatabaseProvider: jellyfin.db optimized successfully!
[2026-07-12 20:50:12.415 +00:00] [INF] [46] Emby.Server.Implementations.ScheduledTasks.TaskManager: "Optimize database" Completed after 0 minute(s) and 0 seconds
