[2026-07-13 02:00:00.004 +00:00] [INF] [160] Emby.Server.Implementations.ScheduledTasks.TaskManager: "Extract Chapter Images" Completed after 0 minute(s) and 0 seconds
[2026-07-13 02:00:01.003 +00:00] [INF] [25] Emby.Server.Implementations.ScheduledTasks.TaskManager: Daily trigger for "Extract Chapter Images" set to fire at 2026-07-14 02:00:00.000 +00:00, which is 23:59:58.9963401 from now.
[2026-07-13 02:51:13.387 +00:00] [INF] [57] Emby.Server.Implementations.ScheduledTasks.Tasks.OptimizeDatabaseTask: Optimizing and vacuuming jellyfin.db...
[2026-07-13 02:51:13.417 +00:00] [INF] [57] Jellyfin.Database.Providers.Sqlite.SqliteDatabaseProvider: jellyfin.db optimized successfully!
[2026-07-13 02:51:13.417 +00:00] [INF] [57] Emby.Server.Implementations.ScheduledTasks.TaskManager: "Optimize database" Completed after 0 minute(s) and 0 seconds
[2026-07-13 03:00:00.001 +00:00] [INF] [44] Emby.Server.Implementations.ScheduledTasks.TaskManager: "Generate Trickplay Images" Completed after 0 minute(s) and 0 seconds
[2026-07-13 03:00:01.001 +00:00] [INF] [230] Emby.Server.Implementations.ScheduledTasks.TaskManager: Daily trigger for "Generate Trickplay Images" set to fire at 2026-07-14 03:00:00.000 +00:00, which is 23:59:58.9987203 from now.
[2026-07-13 08:24:47.345 +00:00] [INF] [302] Emby.Server.Implementations.ScheduledTasks.TaskManager: "Download missing subtitles" Completed after 0 minute(s) and 0 seconds
[2026-07-13 08:24:47.366 +00:00] [INF] [303] Emby.Server.Implementations.ScheduledTasks.TaskManager: "Clean Log Directory" Completed after 0 minute(s) and 0 seconds
[2026-07-13 08:24:47.380 +00:00] [INF] [103] Emby.Server.Implementations.ScheduledTasks.TaskManager: "Clean Cache Directory" Completed after 0 minute(s) and 0 seconds
[2026-07-13 08:24:47.405 +00:00] [INF] [103] Emby.Server.Implementations.ScheduledTasks.TaskManager: "Clean Transcode Directory" Completed after 0 minute(s) and 0 seconds
[2026-07-13 08:24:47.428 +00:00] [INF] [164] Emby.Server.Implementations.ScheduledTasks.TaskManager: "TasksRefreshChannels" Completed after 0 minute(s) and 0 seconds
[2026-07-13 08:24:47.515 +00:00] [INF] [134] Emby.Server.Implementations.ScheduledTasks.TaskManager: "Audio Normalization" Completed after 0 minute(s) and 0 seconds
[2026-07-13 08:24:47.549 +00:00] [INF] [163] Emby.Server.Implementations.ScheduledTasks.TaskManager: "Download missing lyrics" Completed after 0 minute(s) and 0 seconds
[2026-07-13 08:24:48.032 +00:00] [INF] [134] Emby.Server.Implementations.ScheduledTasks.TaskManager: "Update Plugins" Completed after 0 minute(s) and 0 seconds
[2026-07-13 08:24:50.366 +00:00] [INF] [306] Jellyfin.LiveTv.Guide.GuideManager: Refreshing guide with 7 days of guide data
[2026-07-13 08:24:50.367 +00:00] [INF] [306] Emby.Server.Implementations.ScheduledTasks.TaskManager: "Refresh Guide" Completed after 0 minute(s) and 3 seconds
[2026-07-13 08:33:56.366 +00:00] [INF] [248] Emby.Server.Implementations.IO.LibraryMonitor: Stopping directory watching for path "/media"
[2026-07-13 08:33:56.367 +00:00] [INF] [248] Emby.Server.Implementations.Library.LibraryManager: Validating media library
[2026-07-13 08:33:56.439 +00:00] [INF] [81] Emby.Server.Implementations.ScheduledTasks.TaskManager: "Media Segment Scan" Completed after 0 minute(s) and 0 seconds
[2026-07-13 08:33:56.519 +00:00] [WRN] [248] MediaBrowser.Controller.Entities.BaseItem: Library folder "/config/data/playlists" is inaccessible or empty, skipping
[2026-07-13 08:33:56.523 +00:00] [WRN] [81] MediaBrowser.Controller.Entities.BaseItem: Library folder "/config/data/playlists" is inaccessible or empty, skipping
[2026-07-13 08:33:56.931 +00:00] [INF] [72] Emby.Server.Implementations.ScheduledTasks.TaskManager: "Scan Media Library" Completed after 0 minute(s) and 0 seconds
[2026-07-13 08:33:56.958 +00:00] [INF] [81] Emby.Server.Implementations.IO.LibraryMonitor: Watching directory "/media"
[2026-07-13 08:52:14.389 +00:00] [INF] [78] Emby.Server.Implementations.ScheduledTasks.Tasks.OptimizeDatabaseTask: Optimizing and vacuuming jellyfin.db...
[2026-07-13 08:52:14.419 +00:00] [INF] [78] Jellyfin.Database.Providers.Sqlite.SqliteDatabaseProvider: jellyfin.db optimized successfully!
[2026-07-13 08:52:14.419 +00:00] [INF] [78] Emby.Server.Implementations.ScheduledTasks.TaskManager: "Optimize database" Completed after 0 minute(s) and 0 seconds
